
[root@sni1-ipclon7 backend]# npm view sqlite3 versions --json
[
  "2.0.0",
  "2.0.1",
  "2.0.2",
  "2.0.3",
  "2.0.4",
  "2.0.5",
  "2.0.6",
  "2.0.7",
  "2.0.8",
  "2.0.9",
  "2.0.10",
  "2.0.11",
  "2.0.12",
  "2.0.13",
  "2.0.14",
  "2.0.15",
  "2.0.16",
  "2.0.17",
  "2.0.18",
  "2.1.0",
  "2.1.1",
  "2.1.2",
  "2.1.3",
  "2.1.4",
  "2.1.5",
  "2.1.7",
  "2.1.8",
  "2.1.9",
  "2.1.10",
  "2.1.11",
  "2.1.12",
  "2.1.13",
  "2.1.14",
  "2.1.15",
  "2.1.16",
  "2.1.17",
  "2.1.18",
  "2.1.19",
  "2.2.0",
  "2.2.1",
  "2.2.2",
  "2.2.3",
  "2.2.4",
  "2.2.6",
  "2.2.7",
  "3.0.0",
  "3.0.1",
  "3.0.2",
  "3.0.4",
  "3.0.5",
  "3.0.6",
  "3.0.7",
  "3.0.8",
  "3.0.9",
  "3.0.10",
  "3.1.0",
  "3.1.1",
  "3.1.2",
  "3.1.3",
  "3.1.4",
  "3.1.5",
  "3.1.6",
  "3.1.7",
  "3.1.8",
  "3.1.9",
  "3.1.10-alpha",
  "3.1.10",
  "3.1.11",
  "3.1.12",
  "3.1.13",
  "4.0.0",
  "4.0.1",
  "4.0.2",
  "4.0.3",
  "4.0.4",
  "4.0.6",
  "4.0.7",
  "4.0.8",
  "4.0.9",
  "4.1.0",
  "4.1.1",
  "4.2.0",
  "5.0.0",
  "5.0.1",
  "5.0.2",
  "5.0.3",
  "5.0.4",
  "5.0.5",
  "5.0.6",
  "5.0.7",
  "5.0.8",
  "5.0.9",
  "5.0.10",
  "5.0.11",
  "5.1.0",
  "5.1.1",
  "5.1.2",
  "5.1.3",
  "5.1.4",
  "5.1.5",
  "5.1.6",
  "5.1.7-rc.0",
  "5.1.7"
]
[root@sni1-ipclon7 backend]# npm install sqlite3@5.0.2
npm WARN deprecated node-pre-gyp@0.11.0: Please upgrade to @mapbox/node-pre-gyp: the non-scoped node-pre-gyp package is deprecated and only the @mapbox scoped package will recieve updates in the future
npm WARN deprecated npmlog@4.1.2: This package is no longer supported.
npm WARN deprecated osenv@0.1.5: This package is no longer supported.
npm WARN deprecated rimraf@2.7.1: Rimraf versions prior to v4 are no longer supported
npm WARN deprecated tar@2.2.2: This version of tar is no longer supported, and will not receive security updates. Please upgrade asap.
npm WARN deprecated request@2.88.2: request has been deprecated, see https://github.com/request/request/issues/3142
npm WARN deprecated fstream@1.0.12: This package is no longer supported.
npm WARN deprecated gauge@2.7.4: This package is no longer supported.
npm WARN deprecated are-we-there-yet@1.1.7: This package is no longer supported.
npm WARN deprecated uuid@3.4.0: Please upgrade  to version 7 or higher.  Older versions may use Math.random() in certain circumstances, which is known to be problematic.  See https://v8.dev/blog/math-random for details.
npm WARN deprecated har-validator@5.1.5: this library is no longer supported

> sqlite3@5.0.2 install /root/Core-Repository/backend/node_modules/sqlite3
> node-pre-gyp install --fallback-to-build

node-pre-gyp WARN Using request for node-pre-gyp https download 
[sqlite3] Success: "/root/Core-Repository/backend/node_modules/sqlite3/lib/binding/napi-v3-linux-x64/node_sqlite3.node" is installed via remote
npm WARN network-inventory-backend@1.0.0 No repository field.
npm WARN network-inventory-backend@1.0.0 No license field.
npm WARN optional SKIPPING OPTIONAL DEPENDENCY: fsevents@2.3.3 (node_modules/fsevents):
npm WARN notsup SKIPPING OPTIONAL DEPENDENCY: Unsupported platform for fsevents@2.3.3: wanted {"os":"darwin","arch":"any"} (current: {"os":"linux","arch":"x64"})

+ sqlite3@5.0.2
added 105 packages from 160 contributors and audited 337 packages in 7.649s

29 packages are looking for funding
  run `npm fund` for details

found 11 vulnerabilities (4 moderate, 6 high, 1 critical)
  run `npm audit fix` to fix them, or `npm audit` for details
[root@sni1-ipclon7 backend]# npm start

> network-inventory-backend@1.0.0 start /root/Core-Repository/backend
> node index.js

Database connection attempt 1/3...
internal/modules/cjs/loader.js:1173
  return process.dlopen(module, path.toNamespacedPath(filename));
                 ^

Error: /lib64/libstdc++.so.6: version `CXXABI_1.3.8' not found (required by /root/Core-Repository/backend/node_modules/bcrypt/lib/binding/napi-v3/bcrypt_lib.node)
    at Object.Module._extensions..node (internal/modules/cjs/loader.js:1173:18)
    at Module.load (internal/modules/cjs/loader.js:979:32)
    at Function.Module._load (internal/modules/cjs/loader.js:819:12)
    at Module.require (internal/modules/cjs/loader.js:1003:19)
    at require (internal/modules/cjs/helpers.js:107:18)
    at Object.<anonymous> (/root/Core-Repository/backend/node_modules/bcrypt/bcrypt.js:6:16)
    at Module._compile (internal/modules/cjs/loader.js:1114:14)
    at Object.Module._extensions..js (internal/modules/cjs/loader.js:1143:10)
    at Module.load (internal/modules/cjs/loader.js:979:32)
    at Function.Module._load (internal/modules/cjs/loader.js:819:12) {
  code: 'ERR_DLOPEN_FAILED'
}
npm ERR! code ELIFECYCLE
npm ERR! errno 1
npm ERR! network-inventory-backend@1.0.0 start: `node index.js`
npm ERR! Exit status 1
npm ERR! 
npm ERR! Failed at the network-inventory-backend@1.0.0 start script.
npm ERR! This is probably not a problem with npm. There is likely additional logging output above.

npm ERR! A complete log of this run can be found in:
npm ERR!     /root/.npm/_logs/2025-07-22T18_39_25_481Z-debug.log
[root@sni1-ipclon7 backend]# npm install
npm WARN network-inventory-backend@1.0.0 No repository field.
npm WARN network-inventory-backend@1.0.0 No license field.
npm WARN optional SKIPPING OPTIONAL DEPENDENCY: fsevents@2.3.3 (node_modules/fsevents):
npm WARN notsup SKIPPING OPTIONAL DEPENDENCY: Unsupported platform for fsevents@2.3.3: wanted {"os":"darwin","arch":"any"} (current: {"os":"linux","arch":"x64"})

audited 337 packages in 2.252s

29 packages are looking for funding
  run `npm fund` for details

found 11 vulnerabilities (4 moderate, 6 high, 1 critical)
  run `npm audit fix` to fix them, or `npm audit` for details
[root@sni1-ipclon7 backend]# npm start

> network-inventory-backend@1.0.0 start /root/Core-Repository/backend
> node index.js

Database connection attempt 1/3...
internal/modules/cjs/loader.js:1173
  return process.dlopen(module, path.toNamespacedPath(filename));
                 ^

Error: /lib64/libstdc++.so.6: version `CXXABI_1.3.8' not found (required by /root/Core-Repository/backend/node_modules/bcrypt/lib/binding/napi-v3/bcrypt_lib.node)
    at Object.Module._extensions..node (internal/modules/cjs/loader.js:1173:18)
    at Module.load (internal/modules/cjs/loader.js:979:32)
    at Function.Module._load (internal/modules/cjs/loader.js:819:12)
    at Module.require (internal/modules/cjs/loader.js:1003:19)
    at require (internal/modules/cjs/helpers.js:107:18)
    at Object.<anonymous> (/root/Core-Repository/backend/node_modules/bcrypt/bcrypt.js:6:16)
    at Module._compile (internal/modules/cjs/loader.js:1114:14)
    at Object.Module._extensions..js (internal/modules/cjs/loader.js:1143:10)
    at Module.load (internal/modules/cjs/loader.js:979:32)
    at Function.Module._load (internal/modules/cjs/loader.js:819:12) {
  code: 'ERR_DLOPEN_FAILED'
}
npm ERR! code ELIFECYCLE
npm ERR! errno 1
npm ERR! network-inventory-backend@1.0.0 start: `node index.js`
npm ERR! Exit status 1
npm ERR! 
npm ERR! Failed at the network-inventory-backend@1.0.0 start script.
npm ERR! This is probably not a problem with npm. There is likely additional logging output above.

npm ERR! A complete log of this run can be found in:
npm ERR!     /root/.npm/_logs/2025-07-22T18_39_50_897Z-debug.log
[root@sni1-ipclon7 backend]# 