[root@sni1-ipclon7 Core-Repository]# cd backend
[root@sni1-ipclon7 backend]# npm install
npm WARN read-shrinkwrap This version of npm is compatible with lockfileVersion@1, but package-lock.json was generated for lockfileVersion@3. I'll try to do my best with it!
npm WARN deprecated multer@1.4.5-lts.2: Multer 1.x is impacted by a number of vulnerabilities, which have been patched in 2.x. You should upgrade to the latest 2.x version.
npm WARN deprecated glob@7.2.3: Glob versions prior to v9 are no longer supported
npm WARN deprecated inflight@1.0.6: This module is not supported, and leaks memory. Do not use it. Check out lru-cache if you want a good and tested way to coalesce async requests by a key value, which is much more comprehensive and powerful.
npm WARN deprecated lodash.get@4.4.2: This package is deprecated. Use the optional chaining (?.) operator instead.
npm WARN deprecated npmlog@6.0.2: This package is no longer supported.
npm WARN deprecated rimraf@3.0.2: Rimraf versions prior to v4 are no longer supported
npm WARN deprecated @npmcli/move-file@1.1.2: This functionality has been moved to @npmcli/fs
npm WARN deprecated gauge@4.0.4: This package is no longer supported.
npm WARN deprecated are-we-there-yet@3.0.1: This package is no longer supported.

> bcrypt@6.0.0 install /root/Core-Repository/backend/node_modules/bcrypt
> node-gyp-build

gyp ERR! find Python 
gyp ERR! find Python checking Python explicitly set from command line or npm configuration
gyp ERR! find Python - "--python=" or "npm config get python" is "python2"
gyp ERR! find Python - executable path is "/usr/bin/python2"
gyp ERR! find Python - version is "2.7.5"
gyp ERR! find Python - version is 2.7.5 - should be >=3.6.0
gyp ERR! find Python - THIS VERSION OF PYTHON IS NOT SUPPORTED
gyp ERR! find Python Python is not set from environment variable PYTHON
gyp ERR! find Python checking if "python3" can be used
gyp ERR! find Python - "python3" is not in PATH or produced an error
gyp ERR! find Python checking if "python" can be used
gyp ERR! find Python - executable path is "/usr/bin/python"
gyp ERR! find Python - version is "2.7.5"
gyp ERR! find Python - version is 2.7.5 - should be >=3.6.0
gyp ERR! find Python - THIS VERSION OF PYTHON IS NOT SUPPORTED
gyp ERR! find Python 
gyp ERR! find Python **********************************************************
gyp ERR! find Python You need to install the latest version of Python.
gyp ERR! find Python Node-gyp should be able to find and use Python. If not,
gyp ERR! find Python you can try one of the following options:
gyp ERR! find Python - Use the switch --python="/path/to/pythonexecutable"
gyp ERR! find Python   (accepted by both node-gyp and npm)
gyp ERR! find Python - Set the environment variable PYTHON
gyp ERR! find Python - Set the npm configuration variable python:
gyp ERR! find Python   npm config set python "/path/to/pythonexecutable"
gyp ERR! find Python For more information consult the documentation at:
gyp ERR! find Python https://github.com/nodejs/node-gyp#installation
gyp ERR! find Python **********************************************************
gyp ERR! find Python 
gyp ERR! configure error 
gyp ERR! stack Error: Could not find any Python installation to use
gyp ERR! stack     at PythonFinder.fail (/root/Core-Repository/backend/node_modules/node-gyp/lib/find-python.js:330:47)
gyp ERR! stack     at PythonFinder.runChecks (/root/Core-Repository/backend/node_modules/node-gyp/lib/find-python.js:159:21)
gyp ERR! stack     at PythonFinder.<anonymous> (/root/Core-Repository/backend/node_modules/node-gyp/lib/find-python.js:266:16)
gyp ERR! stack     at PythonFinder.execFileCallback (/root/Core-Repository/backend/node_modules/node-gyp/lib/find-python.js:297:7)
gyp ERR! stack     at ChildProcess.exithandler (child_process.js:299:7)
gyp ERR! stack     at ChildProcess.emit (events.js:314:20)
gyp ERR! stack     at maybeClose (internal/child_process.js:1022:16)
gyp ERR! stack     at Process.ChildProcess._handle.onexit (internal/child_process.js:287:5)
gyp ERR! System Linux 3.10.0-1062.9.1.el7.x86_64
gyp ERR! command "/usr/local/bin/node" "/root/Core-Repository/backend/node_modules/node-gyp/bin/node-gyp.js" "rebuild"
gyp ERR! cwd /root/Core-Repository/backend/node_modules/bcrypt
gyp ERR! node -v v12.22.12
gyp ERR! node-gyp -v v8.4.1
gyp ERR! not ok 
npm WARN notsup Unsupported engine for bcrypt@6.0.0: wanted: {"node":">= 18"} (current: {"node":"12.22.12","npm":"6.14.16"})
npm WARN notsup Not compatible with your version of node/npm: bcrypt@6.0.0
npm WARN notsup Unsupported engine for node-addon-api@8.5.0: wanted: {"node":"^18 || ^20 || >= 21"} (current: {"node":"12.22.12","npm":"6.14.16"})
npm WARN notsup Not compatible with your version of node/npm: node-addon-api@8.5.0
npm WARN optional SKIPPING OPTIONAL DEPENDENCY: fsevents@~2.3.2 (node_modules/chokidar/node_modules/fsevents):
npm WARN notsup SKIPPING OPTIONAL DEPENDENCY: Unsupported platform for fsevents@2.3.3: wanted {"os":"darwin","arch":"any"} (current: {"os":"linux","arch":"x64"})
npm WARN network-inventory-backend@1.0.0 No repository field.
npm WARN network-inventory-backend@1.0.0 No license field.

npm ERR! code ELIFECYCLE
npm ERR! errno 1
npm ERR! bcrypt@6.0.0 install: `node-gyp-build`
npm ERR! Exit status 1
npm ERR! 
npm ERR! Failed at the bcrypt@6.0.0 install script.
npm ERR! This is probably not a problem with npm. There is likely additional logging output above.

npm ERR! A complete log of this run can be found in:
npm ERR!     /root/.npm/_logs/2025-07-22T17_51_25_073Z-debug.log
[root@sni1-ipclon7 backend]# cd frontend
-bash: cd: frontend: No such file or directory
[root@sni1-ipclon7 backend]# cd Core-Repository
-bash: cd: Core-Repository: No such file or directory
[root@sni1-ipclon7 backend]# cd -
/root/Core-Repository
[root@sni1-ipclon7 Core-Repository]# cd frontend
[root@sni1-ipclon7 frontend]# npm install
npm WARN read-shrinkwrap This version of npm is compatible with lockfileVersion@1, but package-lock.json was generated for lockfileVersion@3. I'll try to do my best with it!
npm WARN deprecated @mui/base@5.0.0-beta.40-1: This package has been replaced by @base-ui-components/react
npm WARN deprecated eslint@8.57.1: This version is no longer supported. Please see https://eslint.org/version-support for other options.
npm WARN deprecated svgo@1.3.2: This SVGO version is no longer supported. Upgrade to v2.x.x.
npm WARN deprecated stable@0.1.8: Modern JS already guarantees Array#sort() is a stable sort, so this library is deprecated. See the compatibility table on MDN: https://developer.mozilla.org/en-US/docs/Web/JavaScript/Reference/Global_Objects/Array/sort#browser_compatibility
npm WARN deprecated q@1.5.1: You or someone you depend on is using Q, the JavaScript Promise library that gave JavaScript developers strong feelings about promises. They can almost certainly migrate to the native JavaScript promise now. Thank you literally everyone for joining me in this bet against the odds. Be excellent to each other.
npm WARN deprecated 
npm WARN deprecated (For a CapTP with native promises, see @endo/eventual-send and @endo/captp)
npm WARN deprecated glob@7.2.3: Glob versions prior to v9 are no longer supported
npm WARN deprecated inflight@1.0.6: This module is not supported, and leaks memory. Do not use it. Check out lru-cache if you want a good and tested way to coalesce async requests by a key value, which is much more comprehensive and powerful.
npm WARN deprecated @babel/plugin-proposal-private-property-in-object@7.21.11: This proposal has been merged to the ECMAScript standard and thus this plugin is no longer maintained. Please use @babel/plugin-transform-private-property-in-object instead.
npm WARN deprecated @babel/plugin-proposal-numeric-separator@7.18.6: This proposal has been merged to the ECMAScript standard and thus this plugin is no longer maintained. Please use @babel/plugin-transform-numeric-separator instead.
npm WARN deprecated @babel/plugin-proposal-nullish-coalescing-operator@7.18.6: This proposal has been merged to the ECMAScript standard and thus this plugin is no longer maintained. Please use @babel/plugin-transform-nullish-coalescing-operator instead.
npm WARN deprecated @babel/plugin-proposal-private-methods@7.18.6: This proposal has been merged to the ECMAScript standard and thus this plugin is no longer maintained. Please use @babel/plugin-transform-private-methods instead.
npm WARN deprecated @babel/plugin-proposal-class-properties@7.18.6: This proposal has been merged to the ECMAScript standard and thus this plugin is no longer maintained. Please use @babel/plugin-transform-class-properties instead.
npm WARN deprecated @babel/plugin-proposal-optional-chaining@7.21.0: This proposal has been merged to the ECMAScript standard and thus this plugin is no longer maintained. Please use @babel/plugin-transform-optional-chaining instead.
npm WARN deprecated @humanwhocodes/config-array@0.13.0: Use @eslint/config-array instead
npm WARN deprecated @humanwhocodes/object-schema@2.0.3: Use @eslint/object-schema instead
npm WARN deprecated rimraf@3.0.2: Rimraf versions prior to v4 are no longer supported
npm WARN deprecated abab@2.0.6: Use your platform's native atob() and btoa() methods instead
npm WARN deprecated w3c-hr-time@1.0.2: Use your platform's native performance.now() and performance.timeOrigin.
npm WARN deprecated domexception@2.0.1: Use your platform's native DOMException instead
npm WARN deprecated rollup-plugin-terser@7.0.2: This package has been deprecated and is no longer maintained. Please use @rollup/plugin-terser
npm WARN deprecated workbox-google-analytics@6.6.0: It is not compatible with newer versions of GA starting with v4, as long as you are using GAv3 it should be ok, but the package is not longer being maintained
npm WARN deprecated workbox-cacheable-response@6.6.0: workbox-background-sync@6.6.0
npm WARN deprecated sourcemap-codec@1.4.8: Please use @jridgewell/sourcemap-codec instead
npm WARN rm not removing /root/Core-Repository/frontend/node_modules/.bin/ansi-html as it wasn't installed by /root/Core-Repository/frontend/node_modules/ansi-html-community

> core-js@3.44.0 postinstall /root/Core-Repository/frontend/node_modules/core-js
> node -e "try{require('./postinstall')}catch(e){}"

Thank you for using core-js ( https://github.com/zloirock/core-js ) for polyfilling JavaScript standard library!

The project needs your help! Please consider supporting core-js:
> https://opencollective.com/core-js 
> https://patreon.com/zloirock 
> https://boosty.to/zloirock 
> bitcoin: bc1qlea7544qtsmj2rayg0lthvza9fau63ux0fstcz 

I highly recommend reading this: https://github.com/zloirock/core-js/blob/master/docs/2023-02-14-so-whats-next.md 


> core-js-pure@3.44.0 postinstall /root/Core-Repository/frontend/node_modules/core-js-pure
> node -e "try{require('./postinstall')}catch(e){}"

npm WARN notsup Unsupported engine for react-scripts@5.0.1: wanted: {"node":">=14.0.0"} (current: {"node":"12.22.12","npm":"6.14.16"})
npm WARN notsup Not compatible with your version of node/npm: react-scripts@5.0.1
npm WARN optional SKIPPING OPTIONAL DEPENDENCY: fsevents@^2.3.2 (node_modules/react-scripts/node_modules/fsevents):
npm WARN notsup SKIPPING OPTIONAL DEPENDENCY: Unsupported platform for fsevents@2.3.3: wanted {"os":"darwin","arch":"any"} (current: {"os":"linux","arch":"x64"})
npm WARN notsup Unsupported engine for react-dev-utils@12.0.1: wanted: {"node":">=14"} (current: {"node":"12.22.12","npm":"6.14.16"})
npm WARN notsup Not compatible with your version of node/npm: react-dev-utils@12.0.1
npm WARN notsup Unsupported engine for react-app-polyfill@3.0.0: wanted: {"node":">=14"} (current: {"node":"12.22.12","npm":"6.14.16"})
npm WARN notsup Not compatible with your version of node/npm: react-app-polyfill@3.0.0
npm WARN notsup Unsupported engine for tailwindcss@3.4.17: wanted: {"node":">=14.0.0"} (current: {"node":"12.22.12","npm":"6.14.16"})
npm WARN notsup Not compatible with your version of node/npm: tailwindcss@3.4.17
npm WARN notsup Unsupported engine for eslint-config-react-app@7.0.1: wanted: {"node":">=14.0.0"} (current: {"node":"12.22.12","npm":"6.14.16"})
npm WARN notsup Not compatible with your version of node/npm: eslint-config-react-app@7.0.1
npm WARN notsup Unsupported engine for @csstools/postcss-trigonometric-functions@1.0.2: wanted: {"node":"^14 || >=16"} (current: {"node":"12.22.12","npm":"6.14.16"})
npm WARN notsup Not compatible with your version of node/npm: @csstools/postcss-trigonometric-functions@1.0.2
npm WARN notsup Unsupported engine for @csstools/selector-specificity@2.2.0: wanted: {"node":"^14 || ^16 || >=18"} (current: {"node":"12.22.12","npm":"6.14.16"})
npm WARN notsup Not compatible with your version of node/npm: @csstools/selector-specificity@2.2.0
npm WARN notsup Unsupported engine for lilconfig@3.1.3: wanted: {"node":">=14"} (current: {"node":"12.22.12","npm":"6.14.16"})
npm WARN notsup Not compatible with your version of node/npm: lilconfig@3.1.3
npm WARN notsup Unsupported engine for postcss-import@15.1.0: wanted: {"node":">=14.0.0"} (current: {"node":"12.22.12","npm":"6.14.16"})
npm WARN notsup Not compatible with your version of node/npm: postcss-import@15.1.0
npm WARN notsup Unsupported engine for postcss-load-config@4.0.2: wanted: {"node":">= 14"} (current: {"node":"12.22.12","npm":"6.14.16"})
npm WARN notsup Not compatible with your version of node/npm: postcss-load-config@4.0.2
npm WARN notsup Unsupported engine for sucrase@3.35.0: wanted: {"node":">=16 || 14 >=14.17"} (current: {"node":"12.22.12","npm":"6.14.16"})
npm WARN notsup Not compatible with your version of node/npm: sucrase@3.35.0
npm WARN notsup Unsupported engine for lilconfig@3.1.3: wanted: {"node":">=14"} (current: {"node":"12.22.12","npm":"6.14.16"})
npm WARN notsup Not compatible with your version of node/npm: lilconfig@3.1.3
npm WARN notsup Unsupported engine for yaml@2.8.0: wanted: {"node":">= 14.6"} (current: {"node":"12.22.12","npm":"6.14.16"})
npm WARN notsup Not compatible with your version of node/npm: yaml@2.8.0
npm WARN notsup Unsupported engine for minimatch@9.0.5: wanted: {"node":">=16 || 14 >=14.17"} (current: {"node":"12.22.12","npm":"6.14.16"})
npm WARN notsup Not compatible with your version of node/npm: minimatch@9.0.5
npm WARN notsup Unsupported engine for minipass@7.1.2: wanted: {"node":">=16 || 14 >=14.17"} (current: {"node":"12.22.12","npm":"6.14.16"})
npm WARN notsup Not compatible with your version of node/npm: minipass@7.1.2
npm WARN notsup Unsupported engine for foreground-child@3.3.1: wanted: {"node":">=14"} (current: {"node":"12.22.12","npm":"6.14.16"})
npm WARN notsup Not compatible with your version of node/npm: foreground-child@3.3.1
npm WARN notsup Unsupported engine for path-scurry@1.11.1: wanted: {"node":">=16 || 14 >=14.18"} (current: {"node":"12.22.12","npm":"6.14.16"})
npm WARN notsup Not compatible with your version of node/npm: path-scurry@1.11.1
npm WARN notsup Unsupported engine for signal-exit@4.1.0: wanted: {"node":">=14"} (current: {"node":"12.22.12","npm":"6.14.16"})
npm WARN notsup Not compatible with your version of node/npm: signal-exit@4.1.0
npm WARN notsup Unsupported engine for @pkgjs/parseargs@0.11.0: wanted: {"node":">=14"} (current: {"node":"12.22.12","npm":"6.14.16"})
npm WARN notsup Not compatible with your version of node/npm: @pkgjs/parseargs@0.11.0
npm WARN @types/react-transition-group@4.4.12 requires a peer of @types/react@* but none is installed. You must install peer dependencies yourself.
npm WARN tsutils@3.21.0 requires a peer of typescript@>=2.8.0 || >= 3.2.0-dev || >= 3.3.0-dev || >= 3.4.0-dev || >= 3.5.0-dev || >= 3.6.0-dev || >= 3.6.0-beta || >= 3.7.0-dev || >= 3.7.0-beta but none is installed. You must install peer dependencies yourself.
npm WARN @csstools/selector-specificity@2.2.0 requires a peer of postcss-selector-parser@^6.0.10 but none is installed. You must install peer dependencies yourself.
npm WARN fork-ts-checker-webpack-plugin@6.5.3 requires a peer of typescript@>= 2.7 but none is installed. You must install peer dependencies yourself.

added 247 packages from 52 contributors, removed 53 packages, updated 1313 packages and audited 1561 packages in 138.555s

279 packages are looking for funding
  run `npm fund` for details

found 4 vulnerabilities (3 moderate, 1 high)
  run `npm audit fix` to fix them, or `npm audit` for details
[root@sni1-ipclon7 frontend]# cd -
/root/Core-Repository
[root@sni1-ipclon7 Core-Repository]# cd backend
[root@sni1-ipclon7 backend]# npm start

> network-inventory-backend@1.0.0 start /root/Core-Repository/backend
> node index.js

/root/Core-Repository/backend/routes.js:120
          error: userError?.message || 'Database connection failed',
                           ^

SyntaxError: Unexpected token '.'
    at wrapSafe (internal/modules/cjs/loader.js:915:16)
    at Module._compile (internal/modules/cjs/loader.js:963:27)
    at Object.Module._extensions..js (internal/modules/cjs/loader.js:1027:10)
    at Module.load (internal/modules/cjs/loader.js:863:32)
    at Function.Module._load (internal/modules/cjs/loader.js:708:14)
    at Module.require (internal/modules/cjs/loader.js:887:19)
    at require (internal/modules/cjs/helpers.js:74:18)
    at Object.<anonymous> (/root/Core-Repository/backend/index.js:5:16)
    at Module._compile (internal/modules/cjs/loader.js:999:30)
    at Object.Module._extensions..js (internal/modules/cjs/loader.js:1027:10)
npm ERR! code ELIFECYCLE
npm ERR! errno 1
npm ERR! network-inventory-backend@1.0.0 start: `node index.js`
npm ERR! Exit status 1
npm ERR! 
npm ERR! Failed at the network-inventory-backend@1.0.0 start script.
npm ERR! This is probably not a problem with npm. There is likely additional logging output above.

npm ERR! A complete log of this run can be found in:
npm ERR!     /root/.npm/_logs/2025-07-22T17_55_03_663Z-debug.log
[root@sni1-ipclon7 backend]# cd -
/root/Core-Repository
[root@sni1-ipclon7 Core-Repository]# ls
backend   help                network_routes.db          PRICING_LOGIC_FEATURE.md  rules.txt
frontend  LINUX_DEV_SETUP.md  network_routes_schema.sql  README.md                 SETUP_GUIDE.md
[root@sni1-ipclon7 Core-Repository]# cd backend
[root@sni1-ipclon7 backend]# node init_db.js
/root/Core-Repository/backend/db.js:28
  const errorMessage = error.message?.toLowerCase() || '';
                                     ^

SyntaxError: Unexpected token '.'
    at wrapSafe (internal/modules/cjs/loader.js:915:16)
    at Module._compile (internal/modules/cjs/loader.js:963:27)
    at Object.Module._extensions..js (internal/modules/cjs/loader.js:1027:10)
    at Module.load (internal/modules/cjs/loader.js:863:32)
    at Function.Module._load (internal/modules/cjs/loader.js:708:14)
    at Module.require (internal/modules/cjs/loader.js:887:19)
    at require (internal/modules/cjs/helpers.js:74:18)
    at Object.<anonymous> (/root/Core-Repository/backend/init_db.js:3:12)
    at Module._compile (internal/modules/cjs/loader.js:999:30)
    at Object.Module._extensions..js (internal/modules/cjs/loader.js:1027:10)
[root@sni1-ipclon7 backend]# ls
auth.js            exchange_files  kmz_files            package.json       routes.js
dbErrorHandler.js  index.js        migration_script.js  package-lock.json  test_results_files
db.js              init_db.js      node_modules         README.md
[root@sni1-ipclon7 backend]# 